2025-11-18 20:24:19.712 +02:00 [INF] User profile is available. Using 'C:\Users\maksy\AppData\Local\ASP.NET\DataProtection-Keys' as key repository and Windows DPAPI to encrypt keys at rest.
2025-11-18 20:24:19.868 +02:00 [INF] Now listening on: http://localhost:5290
2025-11-18 20:24:19.918 +02:00 [INF] Application started. Press Ctrl+C to shut down.
2025-11-18 20:24:19.918 +02:00 [INF] Hosting environment: Development
2025-11-18 20:24:19.919 +02:00 [INF] Content root path: D:\Univer\Sem_08\LogopedApp\LogopedAppBack\UserService
2025-11-18 20:37:19.179 +02:00 [INF] User profile is available. Using 'C:\Users\maksy\AppData\Local\ASP.NET\DataProtection-Keys' as key repository and Windows DPAPI to encrypt keys at rest.
2025-11-18 20:37:19.322 +02:00 [INF] Now listening on: http://localhost:5290
2025-11-18 20:37:19.370 +02:00 [INF] Application started. Press Ctrl+C to shut down.
2025-11-18 20:37:19.371 +02:00 [INF] Hosting environment: Development
2025-11-18 20:37:19.371 +02:00 [INF] Content root path: D:\Univer\Sem_08\LogopedApp\LogopedAppBack\UserService
2025-11-18 20:37:57.984 +02:00 [INF] Request starting HTTP/1.1 GET http://localhost:5290/health/users - null null
2025-11-18 20:37:59.514 +02:00 [INF] Request finished HTTP/1.1 GET http://localhost:5290/health/users - 404 null null 1533.4441ms
2025-11-18 20:37:59.526 +02:00 [INF] Request reached the end of the middleware pipeline without being handled by application code. Request path: GET http://localhost:5290/health/users, Response status code: 404
2025-11-18 20:39:33.815 +02:00 [INF] Request starting HTTP/1.1 POST http://localhost:5290/api/users/login - application/json 63
2025-11-18 20:39:33.824 +02:00 [INF] Executing endpoint 'UserService.Controllers.UsersController.Login (UserService)'
2025-11-18 20:39:33.863 +02:00 [INF] Route matched with {action = "Login", controller = "Users"}. Executing controller action with signature System.Threading.Tasks.Task`1[Microsoft.AspNetCore.Mvc.ActionResult`1[UserService.Contracts.AuthDtos+LoginResponse]] Login(LoginRequest) on controller UserService.Controllers.UsersController (UserService).
2025-11-18 20:39:35.074 +02:00 [INF] Executing ObjectResult, writing value of type 'UserService.Contracts.AuthDtos+LoginResponse'.
2025-11-18 20:39:35.085 +02:00 [INF] Executed action UserService.Controllers.UsersController.Login (UserService) in 1218.4073ms
2025-11-18 20:39:35.087 +02:00 [INF] Executed endpoint 'UserService.Controllers.UsersController.Login (UserService)'
2025-11-18 20:39:35.096 +02:00 [INF] Request finished HTTP/1.1 POST http://localhost:5290/api/users/login - 200 null application/json; charset=utf-8 1281.1837ms
2025-11-18 20:40:48.472 +02:00 [INF] Request starting HTTP/1.1 GET http://localhost:5290/api/users/me - application/json 63
2025-11-18 20:40:48.523 +02:00 [INF] Executing endpoint 'UserService.Controllers.UsersController.Me (UserService)'
2025-11-18 20:40:48.531 +02:00 [INF] Route matched with {action = "Me", controller = "Users"}. Executing controller action with signature System.Threading.Tasks.Task`1[Microsoft.AspNetCore.Mvc.IActionResult] Me() on controller UserService.Controllers.UsersController (UserService).
2025-11-18 20:40:48.622 +02:00 [INF] Executing OkObjectResult, writing value of type '<>f__AnonymousType2`4[[System.Int32, System.Private.CoreLib, Version=9.0.0.0, Culture=neutral, PublicKeyToken=7cec85d7bea7798e],[System.String, System.Private.CoreLib, Version=9.0.0.0, Culture=neutral, PublicKeyToken=7cec85d7bea7798e],[System.String, System.Private.CoreLib, Version=9.0.0.0, Culture=neutral, PublicKeyToken=7cec85d7bea7798e],[System.DateTime, System.Private.CoreLib, Version=9.0.0.0, Culture=neutral, PublicKeyToken=7cec85d7bea7798e]]'.
2025-11-18 20:40:48.630 +02:00 [INF] Executed action UserService.Controllers.UsersController.Me (UserService) in 98.1019ms
2025-11-18 20:40:48.631 +02:00 [INF] Executed endpoint 'UserService.Controllers.UsersController.Me (UserService)'
2025-11-18 20:40:48.632 +02:00 [INF] Request finished HTTP/1.1 GET http://localhost:5290/api/users/me - 200 null application/json; charset=utf-8 160.1794ms
