2025-12-03 19:02:46.978 +02:00 [INF] User profile is available. Using 'C:\Users\maksy\AppData\Local\ASP.NET\DataProtection-Keys' as key repository and Windows DPAPI to encrypt keys at rest.
2025-12-03 19:02:47.166 +02:00 [INF] Now listening on: http://localhost:5001
2025-12-03 19:02:47.225 +02:00 [INF] Application started. Press Ctrl+C to shut down.
2025-12-03 19:02:47.227 +02:00 [INF] Hosting environment: Development
2025-12-03 19:02:47.227 +02:00 [INF] Content root path: D:\Univer\Sem_08\LogopedApp\LogopedAppBack\UserService
2025-12-03 19:03:44.949 +02:00 [INF] Request starting HTTP/1.1 POST http://localhost:5001/api/users/login - application/json 49
2025-12-03 19:03:45.039 +02:00 [INF] Executing endpoint 'UserService.Controllers.UsersController.Login (UserService)'
2025-12-03 19:03:45.089 +02:00 [INF] Route matched with {action = "Login", controller = "Users"}. Executing controller action with signature System.Threading.Tasks.Task`1[Microsoft.AspNetCore.Mvc.ActionResult`1[UserService.Contracts.AuthDtos+LoginResponse]] Login(LoginRequest) on controller UserService.Controllers.UsersController (UserService).
2025-12-03 19:03:46.242 +02:00 [INF] Executing ObjectResult, writing value of type 'Microsoft.AspNetCore.Mvc.ProblemDetails'.
2025-12-03 19:03:46.276 +02:00 [INF] Executed action UserService.Controllers.UsersController.Login (UserService) in 1181.5477ms
2025-12-03 19:03:46.294 +02:00 [INF] Executed endpoint 'UserService.Controllers.UsersController.Login (UserService)'
2025-12-03 19:03:46.300 +02:00 [INF] Request finished HTTP/1.1 POST http://localhost:5001/api/users/login - 401 null application/problem+json; charset=utf-8 1352.4387ms
2025-12-03 19:03:58.834 +02:00 [INF] Request starting HTTP/1.1 GET http://localhost:5001/api/users/login - null null
2025-12-03 19:03:58.927 +02:00 [INF] Executing endpoint '405 HTTP Method Not Supported'
2025-12-03 19:03:58.927 +02:00 [INF] Executed endpoint '405 HTTP Method Not Supported'
2025-12-03 19:03:58.930 +02:00 [INF] Request finished HTTP/1.1 GET http://localhost:5001/api/users/login - 405 null null 96.163ms
2025-12-03 19:04:09.166 +02:00 [INF] Request starting HTTP/1.1 POST http://localhost:5001/api/users/login - application/json 49
2025-12-03 19:04:09.174 +02:00 [INF] Executing endpoint 'UserService.Controllers.UsersController.Login (UserService)'
2025-12-03 19:04:09.175 +02:00 [INF] Route matched with {action = "Login", controller = "Users"}. Executing controller action with signature System.Threading.Tasks.Task`1[Microsoft.AspNetCore.Mvc.ActionResult`1[UserService.Contracts.AuthDtos+LoginResponse]] Login(LoginRequest) on controller UserService.Controllers.UsersController (UserService).
2025-12-03 19:04:09.724 +02:00 [INF] Executing ObjectResult, writing value of type 'Microsoft.AspNetCore.Mvc.ProblemDetails'.
2025-12-03 19:04:09.725 +02:00 [INF] Executed action UserService.Controllers.UsersController.Login (UserService) in 549.1123ms
2025-12-03 19:04:09.726 +02:00 [INF] Executed endpoint 'UserService.Controllers.UsersController.Login (UserService)'
2025-12-03 19:04:09.727 +02:00 [INF] Request finished HTTP/1.1 POST http://localhost:5001/api/users/login - 401 null application/problem+json; charset=utf-8 560.6273ms
2025-12-03 19:05:29.907 +02:00 [INF] Request starting HTTP/1.1 POST http://localhost:5001/api/users/login - application/json 49
2025-12-03 19:05:29.908 +02:00 [INF] Executing endpoint 'UserService.Controllers.UsersController.Login (UserService)'
2025-12-03 19:05:29.909 +02:00 [INF] Route matched with {action = "Login", controller = "Users"}. Executing controller action with signature System.Threading.Tasks.Task`1[Microsoft.AspNetCore.Mvc.ActionResult`1[UserService.Contracts.AuthDtos+LoginResponse]] Login(LoginRequest) on controller UserService.Controllers.UsersController (UserService).
2025-12-03 19:05:30.147 +02:00 [INF] Executing ObjectResult, writing value of type 'Microsoft.AspNetCore.Mvc.ProblemDetails'.
2025-12-03 19:05:30.148 +02:00 [INF] Executed action UserService.Controllers.UsersController.Login (UserService) in 237.6645ms
2025-12-03 19:05:30.148 +02:00 [INF] Executed endpoint 'UserService.Controllers.UsersController.Login (UserService)'
2025-12-03 19:05:30.149 +02:00 [INF] Request finished HTTP/1.1 POST http://localhost:5001/api/users/login - 401 null application/problem+json; charset=utf-8 242.5941ms
2025-12-03 19:06:03.976 +02:00 [INF] Request starting HTTP/1.1 POST http://localhost:5001/api/users/register - application/json 63
2025-12-03 19:06:03.977 +02:00 [INF] Executing endpoint 'UserService.Controllers.UsersController.Register (UserService)'
2025-12-03 19:06:03.984 +02:00 [INF] Route matched with {action = "Register", controller = "Users"}. Executing controller action with signature System.Threading.Tasks.Task`1[Microsoft.AspNetCore.Mvc.IActionResult] Register(RegisterRequest) on controller UserService.Controllers.UsersController (UserService).
2025-12-03 19:06:04.030 +02:00 [INF] Executing ConflictObjectResult, writing value of type 'System.String'.
2025-12-03 19:06:04.031 +02:00 [INF] Executed action UserService.Controllers.UsersController.Register (UserService) in 45.5151ms
2025-12-03 19:06:04.031 +02:00 [INF] Executed endpoint 'UserService.Controllers.UsersController.Register (UserService)'
2025-12-03 19:06:04.032 +02:00 [INF] Request finished HTTP/1.1 POST http://localhost:5001/api/users/register - 409 null text/plain; charset=utf-8 55.8566ms
2025-12-03 19:06:22.055 +02:00 [INF] Request starting HTTP/1.1 GET http://localhost:5001/api/users/register - null null
2025-12-03 19:06:22.065 +02:00 [INF] Executing endpoint '405 HTTP Method Not Supported'
2025-12-03 19:06:22.066 +02:00 [INF] Executed endpoint '405 HTTP Method Not Supported'
2025-12-03 19:06:22.068 +02:00 [INF] Request finished HTTP/1.1 GET http://localhost:5001/api/users/register - 405 null null 12.9374ms
2025-12-03 19:07:38.263 +02:00 [INF] Request starting HTTP/1.1 POST http://localhost:5001/api/users/login - application/json 49
2025-12-03 19:07:38.263 +02:00 [INF] Executing endpoint 'UserService.Controllers.UsersController.Login (UserService)'
2025-12-03 19:07:38.266 +02:00 [INF] Route matched with {action = "Login", controller = "Users"}. Executing controller action with signature System.Threading.Tasks.Task`1[Microsoft.AspNetCore.Mvc.ActionResult`1[UserService.Contracts.AuthDtos+LoginResponse]] Login(LoginRequest) on controller UserService.Controllers.UsersController (UserService).
2025-12-03 19:07:38.520 +02:00 [INF] Executing ObjectResult, writing value of type 'Microsoft.AspNetCore.Mvc.ProblemDetails'.
2025-12-03 19:07:38.521 +02:00 [INF] Executed action UserService.Controllers.UsersController.Login (UserService) in 253.4137ms
2025-12-03 19:07:38.521 +02:00 [INF] Executed endpoint 'UserService.Controllers.UsersController.Login (UserService)'
2025-12-03 19:07:38.522 +02:00 [INF] Request finished HTTP/1.1 POST http://localhost:5001/api/users/login - 401 null application/problem+json; charset=utf-8 259.5019ms
2025-12-03 19:21:15.634 +02:00 [INF] User profile is available. Using 'C:\Users\maksy\AppData\Local\ASP.NET\DataProtection-Keys' as key repository and Windows DPAPI to encrypt keys at rest.
2025-12-03 19:21:15.796 +02:00 [INF] Now listening on: http://localhost:5001
2025-12-03 19:21:15.865 +02:00 [INF] Application started. Press Ctrl+C to shut down.
2025-12-03 19:21:15.866 +02:00 [INF] Hosting environment: Development
2025-12-03 19:21:15.867 +02:00 [INF] Content root path: D:\Univer\Sem_08\LogopedApp\LogopedAppBack\UserService
2025-12-03 19:21:26.646 +02:00 [INF] Request starting HTTP/1.1 POST http://localhost:5001/api/users/login - application/json 49
2025-12-03 19:21:26.715 +02:00 [INF] Executing endpoint 'UserService.Controllers.UsersController.Login (UserService)'
2025-12-03 19:21:26.743 +02:00 [INF] Route matched with {action = "Login", controller = "Users"}. Executing controller action with signature System.Threading.Tasks.Task`1[Microsoft.AspNetCore.Mvc.ActionResult`1[UserService.Contracts.AuthDtos+LoginResponse]] Login(LoginRequest) on controller UserService.Controllers.UsersController (UserService).
2025-12-03 19:21:27.761 +02:00 [INF] Executing ObjectResult, writing value of type 'Microsoft.AspNetCore.Mvc.ProblemDetails'.
2025-12-03 19:21:27.801 +02:00 [INF] Executed action UserService.Controllers.UsersController.Login (UserService) in 1052.8743ms
2025-12-03 19:21:27.822 +02:00 [INF] Executed endpoint 'UserService.Controllers.UsersController.Login (UserService)'
2025-12-03 19:21:27.830 +02:00 [INF] Request finished HTTP/1.1 POST http://localhost:5001/api/users/login - 401 null application/problem+json; charset=utf-8 1186.1432ms
2025-12-03 19:27:34.845 +02:00 [INF] Request starting HTTP/1.1 POST http://localhost:5001/api/users/login - application/json 49
2025-12-03 19:27:34.852 +02:00 [INF] Executing endpoint 'UserService.Controllers.UsersController.Login (UserService)'
2025-12-03 19:27:34.854 +02:00 [INF] Route matched with {action = "Login", controller = "Users"}. Executing controller action with signature System.Threading.Tasks.Task`1[Microsoft.AspNetCore.Mvc.ActionResult`1[UserService.Contracts.AuthDtos+LoginResponse]] Login(LoginRequest) on controller UserService.Controllers.UsersController (UserService).
2025-12-03 19:27:35.341 +02:00 [INF] Executing ObjectResult, writing value of type 'Microsoft.AspNetCore.Mvc.ProblemDetails'.
2025-12-03 19:27:35.344 +02:00 [INF] Executed action UserService.Controllers.UsersController.Login (UserService) in 489.0018ms
2025-12-03 19:27:35.345 +02:00 [INF] Executed endpoint 'UserService.Controllers.UsersController.Login (UserService)'
2025-12-03 19:27:35.348 +02:00 [INF] Request finished HTTP/1.1 POST http://localhost:5001/api/users/login - 401 null application/problem+json; charset=utf-8 502.8586ms
