2025-11-26 15:23:18.555 +02:00 [INF] User profile is available. Using 'C:\Users\maksy\AppData\Local\ASP.NET\DataProtection-Keys' as key repository and Windows DPAPI to encrypt keys at rest.
2025-11-26 15:23:18.882 +02:00 [INF] Now listening on: http://localhost:5001
2025-11-26 15:23:18.982 +02:00 [INF] Application started. Press Ctrl+C to shut down.
2025-11-26 15:23:18.989 +02:00 [INF] Hosting environment: Development
2025-11-26 15:23:18.995 +02:00 [INF] Content root path: D:\Univer\Sem_08\LogopedApp\LogopedAppBack\UserService
2025-11-26 15:30:30.298 +02:00 [INF] Request starting HTTP/1.1 POST http://localhost:5001/api/users/login - application/json 49
2025-11-26 15:30:32.441 +02:00 [INF] Executing endpoint 'UserService.Controllers.UsersController.Login (UserService)'
2025-11-26 15:30:32.461 +02:00 [INF] Route matched with {action = "Login", controller = "Users"}. Executing controller action with signature System.Threading.Tasks.Task`1[Microsoft.AspNetCore.Mvc.ActionResult`1[UserService.Contracts.AuthDtos+LoginResponse]] Login(LoginRequest) on controller UserService.Controllers.UsersController (UserService).
2025-11-26 15:30:32.595 +02:00 [INF] Request starting HTTP/1.1 POST http://localhost:5001/api/users/login - application/json 49
2025-11-26 15:30:32.599 +02:00 [INF] Executing endpoint 'UserService.Controllers.UsersController.Login (UserService)'
2025-11-26 15:30:32.600 +02:00 [INF] Route matched with {action = "Login", controller = "Users"}. Executing controller action with signature System.Threading.Tasks.Task`1[Microsoft.AspNetCore.Mvc.ActionResult`1[UserService.Contracts.AuthDtos+LoginResponse]] Login(LoginRequest) on controller UserService.Controllers.UsersController (UserService).
2025-11-26 15:30:33.908 +02:00 [INF] Executing ObjectResult, writing value of type 'UserService.Contracts.AuthDtos+LoginResponse'.
2025-11-26 15:30:33.908 +02:00 [INF] Executing ObjectResult, writing value of type 'UserService.Contracts.AuthDtos+LoginResponse'.
2025-11-26 15:30:33.926 +02:00 [INF] Executed action UserService.Controllers.UsersController.Login (UserService) in 1317.2089ms
2025-11-26 15:30:33.924 +02:00 [INF] Executed action UserService.Controllers.UsersController.Login (UserService) in 1456.5217ms
2025-11-26 15:30:33.981 +02:00 [INF] Executed endpoint 'UserService.Controllers.UsersController.Login (UserService)'
2025-11-26 15:30:33.981 +02:00 [INF] Executed endpoint 'UserService.Controllers.UsersController.Login (UserService)'
2025-11-26 15:30:33.987 +02:00 [INF] Request finished HTTP/1.1 POST http://localhost:5001/api/users/login - 200 null application/json; charset=utf-8 1391.8884ms
2025-11-26 15:30:33.987 +02:00 [INF] Request finished HTTP/1.1 POST http://localhost:5001/api/users/login - 200 null application/json; charset=utf-8 3691.8189ms
2025-11-26 15:30:48.399 +02:00 [INF] Request starting HTTP/1.1 POST http://localhost:5001/api/users/login - application/json 26
2025-11-26 15:30:48.404 +02:00 [INF] Executing endpoint 'UserService.Controllers.UsersController.Login (UserService)'
2025-11-26 15:30:48.404 +02:00 [INF] Route matched with {action = "Login", controller = "Users"}. Executing controller action with signature System.Threading.Tasks.Task`1[Microsoft.AspNetCore.Mvc.ActionResult`1[UserService.Contracts.AuthDtos+LoginResponse]] Login(LoginRequest) on controller UserService.Controllers.UsersController (UserService).
2025-11-26 15:30:48.481 +02:00 [INF] Executing ObjectResult, writing value of type 'Microsoft.AspNetCore.Mvc.ProblemDetails'.
2025-11-26 15:30:48.503 +02:00 [INF] Executed action UserService.Controllers.UsersController.Login (UserService) in 97.9079ms
2025-11-26 15:30:48.503 +02:00 [INF] Executed endpoint 'UserService.Controllers.UsersController.Login (UserService)'
2025-11-26 15:30:48.504 +02:00 [INF] Request finished HTTP/1.1 POST http://localhost:5001/api/users/login - 401 null application/problem+json; charset=utf-8 104.9346ms
2025-11-26 15:36:06.947 +02:00 [INF] Request starting HTTP/1.1 GET http://localhost:5001/ - null null
2025-11-26 15:36:07.156 +02:00 [INF] Request finished HTTP/1.1 GET http://localhost:5001/ - 404 null null 208.0509ms
2025-11-26 15:36:07.159 +02:00 [INF] Request reached the end of the middleware pipeline without being handled by application code. Request path: GET http://localhost:5001/, Response status code: 404
2025-11-26 15:36:09.994 +02:00 [INF] Request starting HTTP/1.1 GET http://localhost:5001/swagger - null null
2025-11-26 15:36:10.006 +02:00 [INF] Request finished HTTP/1.1 GET http://localhost:5001/swagger - 301 null null 12.3988ms
2025-11-26 15:36:10.020 +02:00 [INF] Request starting HTTP/1.1 GET http://localhost:5001/swagger/index.html - null null
2025-11-26 15:36:10.124 +02:00 [INF] Request finished HTTP/1.1 GET http://localhost:5001/swagger/index.html - 200 null text/html;charset=utf-8 103.6744ms
2025-11-26 15:36:10.293 +02:00 [INF] Request starting HTTP/1.1 GET http://localhost:5001/swagger/swagger-ui.css - null null
2025-11-26 15:36:10.296 +02:00 [INF] Request starting HTTP/1.1 GET http://localhost:5001/swagger/index.css - null null
2025-11-26 15:36:10.298 +02:00 [INF] Request starting HTTP/1.1 GET http://localhost:5001/swagger/swagger-ui-bundle.js - null null
2025-11-26 15:36:10.300 +02:00 [INF] Request starting HTTP/1.1 GET http://localhost:5001/swagger/swagger-ui-standalone-preset.js - null null
2025-11-26 15:36:10.300 +02:00 [INF] Request starting HTTP/1.1 GET http://localhost:5001/swagger/index.js - null null
2025-11-26 15:36:10.300 +02:00 [INF] Request starting HTTP/1.1 GET http://localhost:5001/_framework/aspnetcore-browser-refresh.js - null null
2025-11-26 15:36:10.303 +02:00 [INF] Request finished HTTP/1.1 GET http://localhost:5001/_framework/aspnetcore-browser-refresh.js - 200 16507 application/javascript; charset=utf-8 2.8974ms
2025-11-26 15:36:10.303 +02:00 [INF] Request finished HTTP/1.1 GET http://localhost:5001/swagger/index.js - 200 null application/javascript;charset=utf-8 3.1816ms
2025-11-26 15:36:10.308 +02:00 [INF] Request starting HTTP/1.1 GET http://localhost:5001/_vs/browserLink - null null
2025-11-26 15:36:10.309 +02:00 [INF] Sending file. Request path: '/index.css'. Physical path: 'N/A'
2025-11-26 15:36:10.310 +02:00 [INF] Request finished HTTP/1.1 GET http://localhost:5001/swagger/index.css - 200 202 text/css 13.8924ms
2025-11-26 15:36:10.324 +02:00 [INF] Sending file. Request path: '/swagger-ui.css'. Physical path: 'N/A'
2025-11-26 15:36:10.325 +02:00 [INF] Sending file. Request path: '/swagger-ui-standalone-preset.js'. Physical path: 'N/A'
2025-11-26 15:36:10.328 +02:00 [INF] Request finished HTTP/1.1 GET http://localhost:5001/swagger/swagger-ui.css - 200 152034 text/css 35.1295ms
2025-11-26 15:36:10.333 +02:00 [INF] Request finished HTTP/1.1 GET http://localhost:5001/swagger/swagger-ui-standalone-preset.js - 200 230293 text/javascript 32.8373ms
2025-11-26 15:36:10.359 +02:00 [INF] Sending file. Request path: '/swagger-ui-bundle.js'. Physical path: 'N/A'
2025-11-26 15:36:10.360 +02:00 [INF] Request finished HTTP/1.1 GET http://localhost:5001/swagger/swagger-ui-bundle.js - 200 1452753 text/javascript 62.8901ms
2025-11-26 15:36:10.463 +02:00 [INF] Request finished HTTP/1.1 GET http://localhost:5001/_vs/browserLink - 200 null text/javascript; charset=UTF-8 155.0588ms
2025-11-26 15:36:10.744 +02:00 [INF] Request starting HTTP/1.1 GET http://localhost:5001/swagger/v1/swagger.json - null null
2025-11-26 15:36:10.763 +02:00 [INF] Request finished HTTP/1.1 GET http://localhost:5001/swagger/v1/swagger.json - 200 null application/json;charset=utf-8 18.9064ms
2025-11-26 15:36:11.636 +02:00 [INF] Request starting HTTP/1.1 GET http://localhost:5001/swagger/favicon-32x32.png - null null
2025-11-26 15:36:11.637 +02:00 [INF] Sending file. Request path: '/favicon-32x32.png'. Physical path: 'N/A'
2025-11-26 15:36:11.638 +02:00 [INF] Request finished HTTP/1.1 GET http://localhost:5001/swagger/favicon-32x32.png - 200 628 image/png 2.0509ms
2025-11-26 15:43:33.793 +02:00 [INF] Request starting HTTP/1.1 POST http://localhost:5001/api/users/login - application/json 49
2025-11-26 15:43:33.794 +02:00 [INF] Executing endpoint 'UserService.Controllers.UsersController.Login (UserService)'
2025-11-26 15:43:33.795 +02:00 [INF] Route matched with {action = "Login", controller = "Users"}. Executing controller action with signature System.Threading.Tasks.Task`1[Microsoft.AspNetCore.Mvc.ActionResult`1[UserService.Contracts.AuthDtos+LoginResponse]] Login(LoginRequest) on controller UserService.Controllers.UsersController (UserService).
2025-11-26 15:43:34.033 +02:00 [INF] Executing ObjectResult, writing value of type 'UserService.Contracts.AuthDtos+LoginResponse'.
2025-11-26 15:43:34.034 +02:00 [INF] Executed action UserService.Controllers.UsersController.Login (UserService) in 238.3916ms
2025-11-26 15:43:34.034 +02:00 [INF] Executed endpoint 'UserService.Controllers.UsersController.Login (UserService)'
2025-11-26 15:43:34.035 +02:00 [INF] Request finished HTTP/1.1 POST http://localhost:5001/api/users/login - 200 null application/json; charset=utf-8 242.0775ms
2025-11-26 15:46:22.672 +02:00 [INF] Request starting HTTP/1.1 POST http://localhost:5001/api/users/login - application/json 49
2025-11-26 15:46:22.673 +02:00 [INF] Executing endpoint 'UserService.Controllers.UsersController.Login (UserService)'
2025-11-26 15:46:22.673 +02:00 [INF] Route matched with {action = "Login", controller = "Users"}. Executing controller action with signature System.Threading.Tasks.Task`1[Microsoft.AspNetCore.Mvc.ActionResult`1[UserService.Contracts.AuthDtos+LoginResponse]] Login(LoginRequest) on controller UserService.Controllers.UsersController (UserService).
2025-11-26 15:46:22.928 +02:00 [INF] Executing ObjectResult, writing value of type 'UserService.Contracts.AuthDtos+LoginResponse'.
2025-11-26 15:46:22.930 +02:00 [INF] Executed action UserService.Controllers.UsersController.Login (UserService) in 255.8882ms
2025-11-26 15:46:22.932 +02:00 [INF] Executed endpoint 'UserService.Controllers.UsersController.Login (UserService)'
2025-11-26 15:46:22.933 +02:00 [INF] Request finished HTTP/1.1 POST http://localhost:5001/api/users/login - 200 null application/json; charset=utf-8 261.0376ms
2025-11-26 15:46:42.685 +02:00 [INF] Request starting HTTP/1.1 POST http://localhost:5001/api/users/login - application/json 49
2025-11-26 15:46:42.686 +02:00 [INF] Executing endpoint 'UserService.Controllers.UsersController.Login (UserService)'
2025-11-26 15:46:42.688 +02:00 [INF] Route matched with {action = "Login", controller = "Users"}. Executing controller action with signature System.Threading.Tasks.Task`1[Microsoft.AspNetCore.Mvc.ActionResult`1[UserService.Contracts.AuthDtos+LoginResponse]] Login(LoginRequest) on controller UserService.Controllers.UsersController (UserService).
2025-11-26 15:46:42.938 +02:00 [INF] Executing ObjectResult, writing value of type 'UserService.Contracts.AuthDtos+LoginResponse'.
2025-11-26 15:46:42.939 +02:00 [INF] Executed action UserService.Controllers.UsersController.Login (UserService) in 249.1402ms
2025-11-26 15:46:42.941 +02:00 [INF] Executed endpoint 'UserService.Controllers.UsersController.Login (UserService)'
2025-11-26 15:46:42.942 +02:00 [INF] Request finished HTTP/1.1 POST http://localhost:5001/api/users/login - 200 null application/json; charset=utf-8 256.4661ms
2025-11-26 15:59:53.251 +02:00 [INF] User profile is available. Using 'C:\Users\maksy\AppData\Local\ASP.NET\DataProtection-Keys' as key repository and Windows DPAPI to encrypt keys at rest.
2025-11-26 15:59:53.609 +02:00 [INF] Now listening on: http://localhost:5001
2025-11-26 15:59:53.779 +02:00 [INF] Application started. Press Ctrl+C to shut down.
2025-11-26 15:59:53.781 +02:00 [INF] Hosting environment: Development
2025-11-26 15:59:53.782 +02:00 [INF] Content root path: D:\Univer\Sem_08\LogopedApp\LogopedAppBack\UserService
