2025-12-03 19:43:57.029 +02:00 [INF] User profile is available. Using 'C:\Users\maksy\AppData\Local\ASP.NET\DataProtection-Keys' as key repository and Windows DPAPI to encrypt keys at rest.
2025-12-03 19:43:57.207 +02:00 [INF] Now listening on: http://localhost:5001
2025-12-03 19:43:57.267 +02:00 [INF] Application started. Press Ctrl+C to shut down.
2025-12-03 19:43:57.276 +02:00 [INF] Hosting environment: Development
2025-12-03 19:43:57.276 +02:00 [INF] Content root path: D:\Univer\Sem_08\LogopedApp\LogopedAppBack\UserService
2025-12-03 19:46:22.388 +02:00 [INF] Request starting HTTP/1.1 POST http://localhost:5001/api/users/login - application/json 80
2025-12-03 19:46:22.512 +02:00 [INF] Failed to validate the token.
Microsoft.IdentityModel.Tokens.SecurityTokenExpiredException: IDX10223: Lifetime validation failed. The token is expired. ValidTo (UTC): '20.11.2025 18:39:34', Current time (UTC): '03.12.2025 17:46:22'.
   at Microsoft.IdentityModel.Tokens.ValidatorUtilities.ValidateLifetime(Nullable`1 notBefore, Nullable`1 expires, SecurityToken securityToken, TokenValidationParameters validationParameters)
   at Microsoft.IdentityModel.Tokens.Validators.ValidateLifetime(Nullable`1 notBefore, Nullable`1 expires, SecurityToken securityToken, TokenValidationParameters validationParameters)
   at Microsoft.IdentityModel.JsonWebTokens.JsonWebTokenHandler.ValidateTokenPayloadAsync(JsonWebToken jsonWebToken, TokenValidationParameters validationParameters, BaseConfiguration configuration)
   at Microsoft.IdentityModel.JsonWebTokens.JsonWebTokenHandler.ValidateJWSAsync(JsonWebToken jsonWebToken, TokenValidationParameters validationParameters, BaseConfiguration configuration)
2025-12-03 19:46:22.524 +02:00 [INF] Bearer was not authenticated. Failure message: IDX10223: Lifetime validation failed. The token is expired. ValidTo (UTC): '20.11.2025 18:39:34', Current time (UTC): '03.12.2025 17:46:22'.
2025-12-03 19:46:22.529 +02:00 [INF] Executing endpoint 'UserService.Controllers.UsersController.Login (UserService)'
2025-12-03 19:46:22.562 +02:00 [INF] Route matched with {action = "Login", controller = "Users"}. Executing controller action with signature System.Threading.Tasks.Task`1[Microsoft.AspNetCore.Mvc.ActionResult`1[UserService.Contracts.AuthDtos+LoginResponse]] Login(LoginRequest) on controller UserService.Controllers.UsersController (UserService).
2025-12-03 19:46:23.592 +02:00 [INF] Executing ObjectResult, writing value of type 'Microsoft.AspNetCore.Mvc.ProblemDetails'.
2025-12-03 19:46:23.616 +02:00 [INF] Executed action UserService.Controllers.UsersController.Login (UserService) in 1048.9915ms
2025-12-03 19:46:23.632 +02:00 [INF] Executed endpoint 'UserService.Controllers.UsersController.Login (UserService)'
2025-12-03 19:46:23.638 +02:00 [INF] Request finished HTTP/1.1 POST http://localhost:5001/api/users/login - 401 null application/problem+json; charset=utf-8 1251.4957ms
2025-12-03 19:58:07.139 +02:00 [INF] Request starting HTTP/1.1 POST http://localhost:5001/api/users/login - application/json 80
2025-12-03 19:58:07.146 +02:00 [INF] Failed to validate the token.
Microsoft.IdentityModel.Tokens.SecurityTokenExpiredException: IDX10223: Lifetime validation failed. The token is expired. ValidTo (UTC): '20.11.2025 18:39:34', Current time (UTC): '03.12.2025 17:58:07'.
   at Microsoft.IdentityModel.Tokens.ValidatorUtilities.ValidateLifetime(Nullable`1 notBefore, Nullable`1 expires, SecurityToken securityToken, TokenValidationParameters validationParameters)
   at Microsoft.IdentityModel.Tokens.Validators.ValidateLifetime(Nullable`1 notBefore, Nullable`1 expires, SecurityToken securityToken, TokenValidationParameters validationParameters)
   at Microsoft.IdentityModel.JsonWebTokens.JsonWebTokenHandler.ValidateTokenPayloadAsync(JsonWebToken jsonWebToken, TokenValidationParameters validationParameters, BaseConfiguration configuration)
   at Microsoft.IdentityModel.JsonWebTokens.JsonWebTokenHandler.ValidateJWSAsync(JsonWebToken jsonWebToken, TokenValidationParameters validationParameters, BaseConfiguration configuration)
2025-12-03 19:58:07.148 +02:00 [INF] Bearer was not authenticated. Failure message: IDX10223: Lifetime validation failed. The token is expired. ValidTo (UTC): '20.11.2025 18:39:34', Current time (UTC): '03.12.2025 17:58:07'.
2025-12-03 19:58:07.149 +02:00 [INF] Executing endpoint 'UserService.Controllers.UsersController.Login (UserService)'
2025-12-03 19:58:07.150 +02:00 [INF] Route matched with {action = "Login", controller = "Users"}. Executing controller action with signature System.Threading.Tasks.Task`1[Microsoft.AspNetCore.Mvc.ActionResult`1[UserService.Contracts.AuthDtos+LoginResponse]] Login(LoginRequest) on controller UserService.Controllers.UsersController (UserService).
2025-12-03 19:58:07.801 +02:00 [INF] Executing ObjectResult, writing value of type 'Microsoft.AspNetCore.Mvc.ProblemDetails'.
2025-12-03 19:58:07.803 +02:00 [INF] Executed action UserService.Controllers.UsersController.Login (UserService) in 652.0503ms
2025-12-03 19:58:07.804 +02:00 [INF] Executed endpoint 'UserService.Controllers.UsersController.Login (UserService)'
2025-12-03 19:58:07.806 +02:00 [INF] Request finished HTTP/1.1 POST http://localhost:5001/api/users/login - 401 null application/problem+json; charset=utf-8 666.9ms
2025-12-03 19:58:37.434 +02:00 [INF] Request starting HTTP/1.1 POST http://localhost:5001/api/users/login - application/json 80
2025-12-03 19:58:37.439 +02:00 [INF] Failed to validate the token.
Microsoft.IdentityModel.Tokens.SecurityTokenExpiredException: IDX10223: Lifetime validation failed. The token is expired. ValidTo (UTC): '20.11.2025 18:39:34', Current time (UTC): '03.12.2025 17:58:37'.
   at Microsoft.IdentityModel.Tokens.ValidatorUtilities.ValidateLifetime(Nullable`1 notBefore, Nullable`1 expires, SecurityToken securityToken, TokenValidationParameters validationParameters)
   at Microsoft.IdentityModel.Tokens.Validators.ValidateLifetime(Nullable`1 notBefore, Nullable`1 expires, SecurityToken securityToken, TokenValidationParameters validationParameters)
   at Microsoft.IdentityModel.JsonWebTokens.JsonWebTokenHandler.ValidateTokenPayloadAsync(JsonWebToken jsonWebToken, TokenValidationParameters validationParameters, BaseConfiguration configuration)
   at Microsoft.IdentityModel.JsonWebTokens.JsonWebTokenHandler.ValidateJWSAsync(JsonWebToken jsonWebToken, TokenValidationParameters validationParameters, BaseConfiguration configuration)
2025-12-03 19:58:37.440 +02:00 [INF] Bearer was not authenticated. Failure message: IDX10223: Lifetime validation failed. The token is expired. ValidTo (UTC): '20.11.2025 18:39:34', Current time (UTC): '03.12.2025 17:58:37'.
2025-12-03 19:58:37.441 +02:00 [INF] Executing endpoint 'UserService.Controllers.UsersController.Login (UserService)'
2025-12-03 19:58:37.442 +02:00 [INF] Route matched with {action = "Login", controller = "Users"}. Executing controller action with signature System.Threading.Tasks.Task`1[Microsoft.AspNetCore.Mvc.ActionResult`1[UserService.Contracts.AuthDtos+LoginResponse]] Login(LoginRequest) on controller UserService.Controllers.UsersController (UserService).
2025-12-03 19:58:37.721 +02:00 [INF] Executing ObjectResult, writing value of type 'Microsoft.AspNetCore.Mvc.ProblemDetails'.
2025-12-03 19:58:37.723 +02:00 [INF] Executed action UserService.Controllers.UsersController.Login (UserService) in 280.4014ms
2025-12-03 19:58:37.724 +02:00 [INF] Executed endpoint 'UserService.Controllers.UsersController.Login (UserService)'
2025-12-03 19:58:37.725 +02:00 [INF] Request finished HTTP/1.1 POST http://localhost:5001/api/users/login - 401 null application/problem+json; charset=utf-8 291.046ms
2025-12-03 19:59:49.328 +02:00 [INF] User profile is available. Using 'C:\Users\maksy\AppData\Local\ASP.NET\DataProtection-Keys' as key repository and Windows DPAPI to encrypt keys at rest.
2025-12-03 19:59:49.589 +02:00 [INF] Now listening on: http://localhost:5001
2025-12-03 19:59:49.664 +02:00 [INF] Application started. Press Ctrl+C to shut down.
2025-12-03 19:59:49.665 +02:00 [INF] Hosting environment: Development
2025-12-03 19:59:49.666 +02:00 [INF] Content root path: D:\Univer\Sem_08\LogopedApp\LogopedAppBack\UserService
2025-12-03 20:00:08.189 +02:00 [INF] Request starting HTTP/1.1 POST http://localhost:5001/api/users/register - application/json 59
2025-12-03 20:00:08.273 +02:00 [INF] Executing endpoint 'UserService.Controllers.UsersController.Register (UserService)'
2025-12-03 20:00:08.312 +02:00 [INF] Route matched with {action = "Register", controller = "Users"}. Executing controller action with signature System.Threading.Tasks.Task`1[Microsoft.AspNetCore.Mvc.IActionResult] Register(RegisterRequest) on controller UserService.Controllers.UsersController (UserService).
2025-12-03 20:00:09.477 +02:00 [INF] Executing CreatedAtActionResult, writing value of type '<>f__AnonymousType1`3[[System.Int32, System.Private.CoreLib, Version=9.0.0.0, Culture=neutral, PublicKeyToken=7cec85d7bea7798e],[System.String, System.Private.CoreLib, Version=9.0.0.0, Culture=neutral, PublicKeyToken=7cec85d7bea7798e],[System.String, System.Private.CoreLib, Version=9.0.0.0, Culture=neutral, PublicKeyToken=7cec85d7bea7798e]]'.
2025-12-03 20:00:09.512 +02:00 [INF] Executed action UserService.Controllers.UsersController.Register (UserService) in 1195.0392ms
2025-12-03 20:00:09.551 +02:00 [INF] Executed endpoint 'UserService.Controllers.UsersController.Register (UserService)'
2025-12-03 20:00:09.561 +02:00 [INF] Request finished HTTP/1.1 POST http://localhost:5001/api/users/register - 201 null application/json; charset=utf-8 1374.4962ms
2025-12-03 20:00:28.895 +02:00 [INF] Request starting HTTP/1.1 POST http://localhost:5001/api/users/login - application/json 44
2025-12-03 20:00:28.900 +02:00 [INF] Executing endpoint 'UserService.Controllers.UsersController.Login (UserService)'
2025-12-03 20:00:28.912 +02:00 [INF] Route matched with {action = "Login", controller = "Users"}. Executing controller action with signature System.Threading.Tasks.Task`1[Microsoft.AspNetCore.Mvc.ActionResult`1[UserService.Contracts.AuthDtos+LoginResponse]] Login(LoginRequest) on controller UserService.Controllers.UsersController (UserService).
2025-12-03 20:00:29.597 +02:00 [INF] Executing ObjectResult, writing value of type 'UserService.Contracts.AuthDtos+LoginResponse'.
2025-12-03 20:00:29.601 +02:00 [INF] Executed action UserService.Controllers.UsersController.Login (UserService) in 688.4626ms
2025-12-03 20:00:29.601 +02:00 [INF] Executed endpoint 'UserService.Controllers.UsersController.Login (UserService)'
2025-12-03 20:00:29.603 +02:00 [INF] Request finished HTTP/1.1 POST http://localhost:5001/api/users/login - 200 null application/json; charset=utf-8 707.0213ms
2025-12-03 20:01:04.405 +02:00 [INF] Request starting HTTP/1.1 POST http://localhost:5001/api/users/register - application/json 48
2025-12-03 20:01:04.413 +02:00 [INF] Executing endpoint 'UserService.Controllers.UsersController.Register (UserService)'
2025-12-03 20:01:04.418 +02:00 [INF] Route matched with {action = "Register", controller = "Users"}. Executing controller action with signature System.Threading.Tasks.Task`1[Microsoft.AspNetCore.Mvc.IActionResult] Register(RegisterRequest) on controller UserService.Controllers.UsersController (UserService).
2025-12-03 20:01:04.696 +02:00 [INF] Executing CreatedAtActionResult, writing value of type '<>f__AnonymousType1`3[[System.Int32, System.Private.CoreLib, Version=9.0.0.0, Culture=neutral, PublicKeyToken=7cec85d7bea7798e],[System.String, System.Private.CoreLib, Version=9.0.0.0, Culture=neutral, PublicKeyToken=7cec85d7bea7798e],[System.String, System.Private.CoreLib, Version=9.0.0.0, Culture=neutral, PublicKeyToken=7cec85d7bea7798e]]'.
2025-12-03 20:01:04.698 +02:00 [INF] Executed action UserService.Controllers.UsersController.Register (UserService) in 276.8284ms
2025-12-03 20:01:04.699 +02:00 [INF] Executed endpoint 'UserService.Controllers.UsersController.Register (UserService)'
2025-12-03 20:01:04.700 +02:00 [INF] Request finished HTTP/1.1 POST http://localhost:5001/api/users/register - 201 null application/json; charset=utf-8 294.5044ms
2025-12-03 20:01:10.602 +02:00 [INF] Request starting HTTP/1.1 POST http://localhost:5001/api/users/login - application/json 34
2025-12-03 20:01:10.605 +02:00 [INF] Executing endpoint 'UserService.Controllers.UsersController.Login (UserService)'
2025-12-03 20:01:10.606 +02:00 [INF] Route matched with {action = "Login", controller = "Users"}. Executing controller action with signature System.Threading.Tasks.Task`1[Microsoft.AspNetCore.Mvc.ActionResult`1[UserService.Contracts.AuthDtos+LoginResponse]] Login(LoginRequest) on controller UserService.Controllers.UsersController (UserService).
2025-12-03 20:01:10.855 +02:00 [INF] Executing ObjectResult, writing value of type 'UserService.Contracts.AuthDtos+LoginResponse'.
2025-12-03 20:01:10.856 +02:00 [INF] Executed action UserService.Controllers.UsersController.Login (UserService) in 249.214ms
2025-12-03 20:01:10.858 +02:00 [INF] Executed endpoint 'UserService.Controllers.UsersController.Login (UserService)'
2025-12-03 20:01:10.860 +02:00 [INF] Request finished HTTP/1.1 POST http://localhost:5001/api/users/login - 200 null application/json; charset=utf-8 257.9749ms
2025-12-03 20:02:14.653 +02:00 [INF] Request starting HTTP/1.1 POST http://localhost:5001/api/users/login - application/json 34
2025-12-03 20:02:14.655 +02:00 [INF] Executing endpoint 'UserService.Controllers.UsersController.Login (UserService)'
2025-12-03 20:02:14.656 +02:00 [INF] Route matched with {action = "Login", controller = "Users"}. Executing controller action with signature System.Threading.Tasks.Task`1[Microsoft.AspNetCore.Mvc.ActionResult`1[UserService.Contracts.AuthDtos+LoginResponse]] Login(LoginRequest) on controller UserService.Controllers.UsersController (UserService).
2025-12-03 20:02:14.893 +02:00 [INF] Executing ObjectResult, writing value of type 'UserService.Contracts.AuthDtos+LoginResponse'.
2025-12-03 20:02:14.894 +02:00 [INF] Executed action UserService.Controllers.UsersController.Login (UserService) in 237.3067ms
2025-12-03 20:02:14.895 +02:00 [INF] Executed endpoint 'UserService.Controllers.UsersController.Login (UserService)'
2025-12-03 20:02:14.897 +02:00 [INF] Request finished HTTP/1.1 POST http://localhost:5001/api/users/login - 200 null application/json; charset=utf-8 243.6615ms
