2025-11-26 19:46:59.646 +02:00 [INF] User profile is available. Using 'C:\Users\maksy\AppData\Local\ASP.NET\DataProtection-Keys' as key repository and Windows DPAPI to encrypt keys at rest.
2025-11-26 19:46:59.959 +02:00 [INF] Now listening on: http://localhost:5001
2025-11-26 19:47:00.090 +02:00 [INF] Application started. Press Ctrl+C to shut down.
2025-11-26 19:47:00.091 +02:00 [INF] Hosting environment: Development
2025-11-26 19:47:00.092 +02:00 [INF] Content root path: D:\Univer\Sem_08\LogopedApp\LogopedAppBack\UserService
2025-11-26 19:47:18.094 +02:00 [INF] Request starting HTTP/1.1 POST http://localhost:5001/api/users/login - application/json 49
2025-11-26 19:47:18.207 +02:00 [INF] Executing endpoint 'UserService.Controllers.UsersController.Login (UserService)'
2025-11-26 19:47:18.265 +02:00 [INF] Route matched with {action = "Login", controller = "Users"}. Executing controller action with signature System.Threading.Tasks.Task`1[Microsoft.AspNetCore.Mvc.ActionResult`1[UserService.Contracts.AuthDtos+LoginResponse]] Login(LoginRequest) on controller UserService.Controllers.UsersController (UserService).
2025-11-26 19:47:18.693 +02:00 [INF] Executing ObjectResult, writing value of type 'Microsoft.AspNetCore.Mvc.ProblemDetails'.
2025-11-26 19:47:18.722 +02:00 [INF] Executed action UserService.Controllers.UsersController.Login (UserService) in 453.6521ms
2025-11-26 19:47:18.736 +02:00 [INF] Executed endpoint 'UserService.Controllers.UsersController.Login (UserService)'
2025-11-26 19:47:18.742 +02:00 [INF] Request finished HTTP/1.1 POST http://localhost:5001/api/users/login - 401 null application/problem+json; charset=utf-8 650.1129ms
2025-11-26 19:52:02.323 +02:00 [INF] Request starting HTTP/1.1 POST http://localhost:5001/api/users/register - application/json 58
2025-11-26 19:52:02.332 +02:00 [INF] Executing endpoint 'UserService.Controllers.UsersController.Register (UserService)'
2025-11-26 19:52:02.343 +02:00 [INF] Route matched with {action = "Register", controller = "Users"}. Executing controller action with signature System.Threading.Tasks.Task`1[Microsoft.AspNetCore.Mvc.IActionResult] Register(RegisterRequest) on controller UserService.Controllers.UsersController (UserService).
2025-11-26 19:52:03.232 +02:00 [INF] Executing CreatedAtActionResult, writing value of type '<>f__AnonymousType1`3[[System.Int32, System.Private.CoreLib, Version=9.0.0.0, Culture=neutral, PublicKeyToken=7cec85d7bea7798e],[System.String, System.Private.CoreLib, Version=9.0.0.0, Culture=neutral, PublicKeyToken=7cec85d7bea7798e],[System.String, System.Private.CoreLib, Version=9.0.0.0, Culture=neutral, PublicKeyToken=7cec85d7bea7798e]]'.
2025-11-26 19:52:03.263 +02:00 [INF] Executed action UserService.Controllers.UsersController.Register (UserService) in 917.9691ms
2025-11-26 19:52:03.264 +02:00 [INF] Executed endpoint 'UserService.Controllers.UsersController.Register (UserService)'
2025-11-26 19:52:03.265 +02:00 [INF] Request finished HTTP/1.1 POST http://localhost:5001/api/users/register - 201 null application/json; charset=utf-8 941.5253ms
2025-11-26 19:52:11.943 +02:00 [INF] Request starting HTTP/1.1 POST http://localhost:5001/api/users/login - application/json 44
2025-11-26 19:52:11.949 +02:00 [INF] Executing endpoint 'UserService.Controllers.UsersController.Login (UserService)'
2025-11-26 19:52:11.950 +02:00 [INF] Route matched with {action = "Login", controller = "Users"}. Executing controller action with signature System.Threading.Tasks.Task`1[Microsoft.AspNetCore.Mvc.ActionResult`1[UserService.Contracts.AuthDtos+LoginResponse]] Login(LoginRequest) on controller UserService.Controllers.UsersController (UserService).
2025-11-26 19:52:12.555 +02:00 [INF] Executing ObjectResult, writing value of type 'UserService.Contracts.AuthDtos+LoginResponse'.
2025-11-26 19:52:12.561 +02:00 [INF] Executed action UserService.Controllers.UsersController.Login (UserService) in 590.3787ms
2025-11-26 19:52:12.562 +02:00 [INF] Executed endpoint 'UserService.Controllers.UsersController.Login (UserService)'
2025-11-26 19:52:12.563 +02:00 [INF] Request finished HTTP/1.1 POST http://localhost:5001/api/users/login - 200 null application/json; charset=utf-8 620.1017ms
