2025-12-03 19:59:49.328 +02:00 [INF] User profile is available. Using 'C:\Users\maksy\AppData\Local\ASP.NET\DataProtection-Keys' as key repository and Windows DPAPI to encrypt keys at rest.
2025-12-03 19:59:49.589 +02:00 [INF] Now listening on: http://localhost:5001
2025-12-03 19:59:49.664 +02:00 [INF] Application started. Press Ctrl+C to shut down.
2025-12-03 19:59:49.665 +02:00 [INF] Hosting environment: Development
2025-12-03 19:59:49.666 +02:00 [INF] Content root path: D:\Univer\Sem_08\LogopedApp\LogopedAppBack\UserService
2025-12-03 20:00:08.189 +02:00 [INF] Request starting HTTP/1.1 POST http://localhost:5001/api/users/register - application/json 59
2025-12-03 20:00:08.273 +02:00 [INF] Executing endpoint 'UserService.Controllers.UsersController.Register (UserService)'
2025-12-03 20:00:08.312 +02:00 [INF] Route matched with {action = "Register", controller = "Users"}. Executing controller action with signature System.Threading.Tasks.Task`1[Microsoft.AspNetCore.Mvc.IActionResult] Register(RegisterRequest) on controller UserService.Controllers.UsersController (UserService).
2025-12-03 20:00:09.477 +02:00 [INF] Executing CreatedAtActionResult, writing value of type '<>f__AnonymousType1`3[[System.Int32, System.Private.CoreLib, Version=9.0.0.0, Culture=neutral, PublicKeyToken=7cec85d7bea7798e],[System.String, System.Private.CoreLib, Version=9.0.0.0, Culture=neutral, PublicKeyToken=7cec85d7bea7798e],[System.String, System.Private.CoreLib, Version=9.0.0.0, Culture=neutral, PublicKeyToken=7cec85d7bea7798e]]'.
2025-12-03 20:00:09.512 +02:00 [INF] Executed action UserService.Controllers.UsersController.Register (UserService) in 1195.0392ms
2025-12-03 20:00:09.551 +02:00 [INF] Executed endpoint 'UserService.Controllers.UsersController.Register (UserService)'
2025-12-03 20:00:09.561 +02:00 [INF] Request finished HTTP/1.1 POST http://localhost:5001/api/users/register - 201 null application/json; charset=utf-8 1374.4962ms
2025-12-03 20:00:28.895 +02:00 [INF] Request starting HTTP/1.1 POST http://localhost:5001/api/users/login - application/json 44
2025-12-03 20:00:28.900 +02:00 [INF] Executing endpoint 'UserService.Controllers.UsersController.Login (UserService)'
2025-12-03 20:00:28.912 +02:00 [INF] Route matched with {action = "Login", controller = "Users"}. Executing controller action with signature System.Threading.Tasks.Task`1[Microsoft.AspNetCore.Mvc.ActionResult`1[UserService.Contracts.AuthDtos+LoginResponse]] Login(LoginRequest) on controller UserService.Controllers.UsersController (UserService).
2025-12-03 20:00:29.597 +02:00 [INF] Executing ObjectResult, writing value of type 'UserService.Contracts.AuthDtos+LoginResponse'.
2025-12-03 20:00:29.601 +02:00 [INF] Executed action UserService.Controllers.UsersController.Login (UserService) in 688.4626ms
2025-12-03 20:00:29.601 +02:00 [INF] Executed endpoint 'UserService.Controllers.UsersController.Login (UserService)'
2025-12-03 20:00:29.603 +02:00 [INF] Request finished HTTP/1.1 POST http://localhost:5001/api/users/login - 200 null application/json; charset=utf-8 707.0213ms
2025-12-03 20:01:04.405 +02:00 [INF] Request starting HTTP/1.1 POST http://localhost:5001/api/users/register - application/json 48
2025-12-03 20:01:04.413 +02:00 [INF] Executing endpoint 'UserService.Controllers.UsersController.Register (UserService)'
2025-12-03 20:01:04.418 +02:00 [INF] Route matched with {action = "Register", controller = "Users"}. Executing controller action with signature System.Threading.Tasks.Task`1[Microsoft.AspNetCore.Mvc.IActionResult] Register(RegisterRequest) on controller UserService.Controllers.UsersController (UserService).
2025-12-03 20:01:04.696 +02:00 [INF] Executing CreatedAtActionResult, writing value of type '<>f__AnonymousType1`3[[System.Int32, System.Private.CoreLib, Version=9.0.0.0, Culture=neutral, PublicKeyToken=7cec85d7bea7798e],[System.String, System.Private.CoreLib, Version=9.0.0.0, Culture=neutral, PublicKeyToken=7cec85d7bea7798e],[System.String, System.Private.CoreLib, Version=9.0.0.0, Culture=neutral, PublicKeyToken=7cec85d7bea7798e]]'.
2025-12-03 20:01:04.698 +02:00 [INF] Executed action UserService.Controllers.UsersController.Register (UserService) in 276.8284ms
2025-12-03 20:01:04.699 +02:00 [INF] Executed endpoint 'UserService.Controllers.UsersController.Register (UserService)'
2025-12-03 20:01:04.700 +02:00 [INF] Request finished HTTP/1.1 POST http://localhost:5001/api/users/register - 201 null application/json; charset=utf-8 294.5044ms
2025-12-03 20:01:10.602 +02:00 [INF] Request starting HTTP/1.1 POST http://localhost:5001/api/users/login - application/json 34
2025-12-03 20:01:10.605 +02:00 [INF] Executing endpoint 'UserService.Controllers.UsersController.Login (UserService)'
2025-12-03 20:01:10.606 +02:00 [INF] Route matched with {action = "Login", controller = "Users"}. Executing controller action with signature System.Threading.Tasks.Task`1[Microsoft.AspNetCore.Mvc.ActionResult`1[UserService.Contracts.AuthDtos+LoginResponse]] Login(LoginRequest) on controller UserService.Controllers.UsersController (UserService).
2025-12-03 20:01:10.855 +02:00 [INF] Executing ObjectResult, writing value of type 'UserService.Contracts.AuthDtos+LoginResponse'.
2025-12-03 20:01:10.856 +02:00 [INF] Executed action UserService.Controllers.UsersController.Login (UserService) in 249.214ms
2025-12-03 20:01:10.858 +02:00 [INF] Executed endpoint 'UserService.Controllers.UsersController.Login (UserService)'
2025-12-03 20:01:10.860 +02:00 [INF] Request finished HTTP/1.1 POST http://localhost:5001/api/users/login - 200 null application/json; charset=utf-8 257.9749ms
2025-12-03 20:02:14.653 +02:00 [INF] Request starting HTTP/1.1 POST http://localhost:5001/api/users/login - application/json 34
2025-12-03 20:02:14.655 +02:00 [INF] Executing endpoint 'UserService.Controllers.UsersController.Login (UserService)'
2025-12-03 20:02:14.656 +02:00 [INF] Route matched with {action = "Login", controller = "Users"}. Executing controller action with signature System.Threading.Tasks.Task`1[Microsoft.AspNetCore.Mvc.ActionResult`1[UserService.Contracts.AuthDtos+LoginResponse]] Login(LoginRequest) on controller UserService.Controllers.UsersController (UserService).
2025-12-03 20:02:14.893 +02:00 [INF] Executing ObjectResult, writing value of type 'UserService.Contracts.AuthDtos+LoginResponse'.
2025-12-03 20:02:14.894 +02:00 [INF] Executed action UserService.Controllers.UsersController.Login (UserService) in 237.3067ms
2025-12-03 20:02:14.895 +02:00 [INF] Executed endpoint 'UserService.Controllers.UsersController.Login (UserService)'
2025-12-03 20:02:14.897 +02:00 [INF] Request finished HTTP/1.1 POST http://localhost:5001/api/users/login - 200 null application/json; charset=utf-8 243.6615ms
