2025-12-07 21:08:49.295 +02:00 [INF] User profile is available. Using 'C:\Users\maksy\AppData\Local\ASP.NET\DataProtection-Keys' as key repository and Windows DPAPI to encrypt keys at rest.
2025-12-07 21:08:49.484 +02:00 [INF] Now listening on: http://localhost:5001
2025-12-07 21:08:49.548 +02:00 [INF] Application started. Press Ctrl+C to shut down.
2025-12-07 21:08:49.549 +02:00 [INF] Hosting environment: Development
2025-12-07 21:08:49.549 +02:00 [INF] Content root path: D:\Univer\Sem_08\LogopedApp\LogopedAppBack\UserService
2025-12-07 21:10:52.569 +02:00 [INF] User profile is available. Using 'C:\Users\maksy\AppData\Local\ASP.NET\DataProtection-Keys' as key repository and Windows DPAPI to encrypt keys at rest.
2025-12-07 21:10:52.764 +02:00 [INF] Now listening on: http://localhost:5001
2025-12-07 21:10:52.848 +02:00 [INF] Application started. Press Ctrl+C to shut down.
2025-12-07 21:10:52.850 +02:00 [INF] Hosting environment: Development
2025-12-07 21:10:52.851 +02:00 [INF] Content root path: D:\Univer\Sem_08\LogopedApp\LogopedAppBack\UserService
2025-12-07 21:12:14.165 +02:00 [INF] Request starting HTTP/1.1 POST http://localhost:5001/api/users/login - application/json 80
2025-12-07 21:12:16.453 +02:00 [INF] Failed to validate the token.
Microsoft.IdentityModel.Tokens.SecurityTokenExpiredException: IDX10223: Lifetime validation failed. The token is expired. ValidTo (UTC): '20.11.2025 18:39:34', Current time (UTC): '07.12.2025 19:12:16'.
   at Microsoft.IdentityModel.Tokens.ValidatorUtilities.ValidateLifetime(Nullable`1 notBefore, Nullable`1 expires, SecurityToken securityToken, TokenValidationParameters validationParameters)
   at Microsoft.IdentityModel.Tokens.Validators.ValidateLifetime(Nullable`1 notBefore, Nullable`1 expires, SecurityToken securityToken, TokenValidationParameters validationParameters)
   at Microsoft.IdentityModel.JsonWebTokens.JsonWebTokenHandler.ValidateTokenPayloadAsync(JsonWebToken jsonWebToken, TokenValidationParameters validationParameters, BaseConfiguration configuration)
   at Microsoft.IdentityModel.JsonWebTokens.JsonWebTokenHandler.ValidateJWSAsync(JsonWebToken jsonWebToken, TokenValidationParameters validationParameters, BaseConfiguration configuration)
2025-12-07 21:12:16.465 +02:00 [INF] Bearer was not authenticated. Failure message: IDX10223: Lifetime validation failed. The token is expired. ValidTo (UTC): '20.11.2025 18:39:34', Current time (UTC): '07.12.2025 19:12:16'.
2025-12-07 21:12:16.472 +02:00 [INF] Executing endpoint 'UserService.Controllers.UsersController.Login (UserService)'
2025-12-07 21:12:16.505 +02:00 [INF] Route matched with {action = "Login", controller = "Users"}. Executing controller action with signature System.Threading.Tasks.Task`1[Microsoft.AspNetCore.Mvc.ActionResult`1[UserService.Contracts.AuthDtos+LoginResponse]] Login(LoginRequest) on controller UserService.Controllers.UsersController (UserService).
2025-12-07 21:12:17.132 +02:00 [INF] Executing ObjectResult, writing value of type 'Microsoft.AspNetCore.Mvc.ProblemDetails'.
2025-12-07 21:12:17.162 +02:00 [INF] Executed action UserService.Controllers.UsersController.Login (UserService) in 652.4061ms
2025-12-07 21:12:17.178 +02:00 [INF] Executed endpoint 'UserService.Controllers.UsersController.Login (UserService)'
2025-12-07 21:12:17.187 +02:00 [INF] Request finished HTTP/1.1 POST http://localhost:5001/api/users/login - 401 null application/problem+json; charset=utf-8 3024.8824ms
2025-12-07 21:12:26.893 +02:00 [INF] Request starting HTTP/1.1 POST http://localhost:5001/api/users/login - application/json 65
2025-12-07 21:12:26.898 +02:00 [INF] Failed to validate the token.
Microsoft.IdentityModel.Tokens.SecurityTokenExpiredException: IDX10223: Lifetime validation failed. The token is expired. ValidTo (UTC): '20.11.2025 18:39:34', Current time (UTC): '07.12.2025 19:12:26'.
   at Microsoft.IdentityModel.Tokens.ValidatorUtilities.ValidateLifetime(Nullable`1 notBefore, Nullable`1 expires, SecurityToken securityToken, TokenValidationParameters validationParameters)
   at Microsoft.IdentityModel.Tokens.Validators.ValidateLifetime(Nullable`1 notBefore, Nullable`1 expires, SecurityToken securityToken, TokenValidationParameters validationParameters)
   at Microsoft.IdentityModel.JsonWebTokens.JsonWebTokenHandler.ValidateTokenPayloadAsync(JsonWebToken jsonWebToken, TokenValidationParameters validationParameters, BaseConfiguration configuration)
   at Microsoft.IdentityModel.JsonWebTokens.JsonWebTokenHandler.ValidateJWSAsync(JsonWebToken jsonWebToken, TokenValidationParameters validationParameters, BaseConfiguration configuration)
2025-12-07 21:12:26.900 +02:00 [INF] Bearer was not authenticated. Failure message: IDX10223: Lifetime validation failed. The token is expired. ValidTo (UTC): '20.11.2025 18:39:34', Current time (UTC): '07.12.2025 19:12:26'.
2025-12-07 21:12:26.903 +02:00 [INF] Executing endpoint 'UserService.Controllers.UsersController.Login (UserService)'
2025-12-07 21:12:26.907 +02:00 [INF] Route matched with {action = "Login", controller = "Users"}. Executing controller action with signature System.Threading.Tasks.Task`1[Microsoft.AspNetCore.Mvc.ActionResult`1[UserService.Contracts.AuthDtos+LoginResponse]] Login(LoginRequest) on controller UserService.Controllers.UsersController (UserService).
2025-12-07 21:12:27.519 +02:00 [INF] Executing ObjectResult, writing value of type 'UserService.Contracts.AuthDtos+LoginResponse'.
2025-12-07 21:12:27.523 +02:00 [INF] Executed action UserService.Controllers.UsersController.Login (UserService) in 614.9156ms
2025-12-07 21:12:27.524 +02:00 [INF] Executed endpoint 'UserService.Controllers.UsersController.Login (UserService)'
2025-12-07 21:12:27.525 +02:00 [INF] Request finished HTTP/1.1 POST http://localhost:5001/api/users/login - 200 null application/json; charset=utf-8 632.0431ms
2025-12-07 21:12:53.530 +02:00 [INF] Request starting HTTP/1.1 POST http://localhost:5001/api/users/login - application/json 134
2025-12-07 21:12:53.541 +02:00 [INF] Executing endpoint 'UserService.Controllers.UsersController.Login (UserService)'
2025-12-07 21:12:53.542 +02:00 [INF] Route matched with {action = "Login", controller = "Users"}. Executing controller action with signature System.Threading.Tasks.Task`1[Microsoft.AspNetCore.Mvc.ActionResult`1[UserService.Contracts.AuthDtos+LoginResponse]] Login(LoginRequest) on controller UserService.Controllers.UsersController (UserService).
2025-12-07 21:12:53.549 +02:00 [INF] Executing BadRequestObjectResult, writing value of type 'Microsoft.AspNetCore.Mvc.ValidationProblemDetails'.
2025-12-07 21:12:53.554 +02:00 [INF] Executed action UserService.Controllers.UsersController.Login (UserService) in 11.8546ms
2025-12-07 21:12:53.555 +02:00 [INF] Executed endpoint 'UserService.Controllers.UsersController.Login (UserService)'
2025-12-07 21:12:53.556 +02:00 [INF] Request finished HTTP/1.1 POST http://localhost:5001/api/users/login - 400 null application/problem+json; charset=utf-8 25.4703ms
