2025-11-13 14:47:43.707 +02:00 [INF] User profile is available. Using 'C:\Users\maksy\AppData\Local\ASP.NET\DataProtection-Keys' as key repository and Windows DPAPI to encrypt keys at rest.
2025-11-13 14:47:43.899 +02:00 [INF] Now listening on: http://localhost:5290
2025-11-13 14:47:43.958 +02:00 [INF] Application started. Press Ctrl+C to shut down.
2025-11-13 14:47:43.959 +02:00 [INF] Hosting environment: Development
2025-11-13 14:47:43.960 +02:00 [INF] Content root path: D:\Univer\Sem_08\LogopedApp\LogopedAppBack\UserService
2025-11-13 14:47:50.133 +02:00 [INF] Request starting HTTP/1.1 POST http://localhost:5290/api/Users/login - application/json 63
2025-11-13 14:47:50.203 +02:00 [INF] Executing endpoint 'UserService.Controllers.UsersController.Login (UserService)'
2025-11-13 14:47:50.234 +02:00 [INF] Route matched with {action = "Login", controller = "Users"}. Executing controller action with signature System.Threading.Tasks.Task`1[Microsoft.AspNetCore.Mvc.ActionResult`1[UserService.Contracts.AuthDtos+LoginResponse]] Login(LoginRequest) on controller UserService.Controllers.UsersController (UserService).
2025-11-13 14:47:50.645 +02:00 [INF] Executing ObjectResult, writing value of type 'Microsoft.AspNetCore.Mvc.ProblemDetails'.
2025-11-13 14:47:50.679 +02:00 [INF] Executed action UserService.Controllers.UsersController.Login (UserService) in 439.1359ms
2025-11-13 14:47:50.710 +02:00 [INF] Executed endpoint 'UserService.Controllers.UsersController.Login (UserService)'
2025-11-13 14:47:50.717 +02:00 [INF] Request finished HTTP/1.1 POST http://localhost:5290/api/Users/login - 401 null application/problem+json; charset=utf-8 585.9345ms
2025-11-13 14:48:54.588 +02:00 [INF] Request starting HTTP/1.1 POST http://localhost:5290/api/Users/register - application/json 82
2025-11-13 14:48:54.593 +02:00 [INF] Executing endpoint 'UserService.Controllers.UsersController.Register (UserService)'
2025-11-13 14:48:54.603 +02:00 [INF] Route matched with {action = "Register", controller = "Users"}. Executing controller action with signature System.Threading.Tasks.Task`1[Microsoft.AspNetCore.Mvc.IActionResult] Register(RegisterRequest) on controller UserService.Controllers.UsersController (UserService).
2025-11-13 14:48:55.459 +02:00 [INF] Executing CreatedAtActionResult, writing value of type '<>f__AnonymousType1`3[[System.Int32, System.Private.CoreLib, Version=9.0.0.0, Culture=neutral, PublicKeyToken=7cec85d7bea7798e],[System.String, System.Private.CoreLib, Version=9.0.0.0, Culture=neutral, PublicKeyToken=7cec85d7bea7798e],[System.String, System.Private.CoreLib, Version=9.0.0.0, Culture=neutral, PublicKeyToken=7cec85d7bea7798e]]'.
2025-11-13 14:48:55.479 +02:00 [INF] Executed action UserService.Controllers.UsersController.Register (UserService) in 875.0461ms
2025-11-13 14:48:55.480 +02:00 [INF] Executed endpoint 'UserService.Controllers.UsersController.Register (UserService)'
2025-11-13 14:48:55.481 +02:00 [INF] Request finished HTTP/1.1 POST http://localhost:5290/api/Users/register - 201 null application/json; charset=utf-8 893.122ms
2025-11-13 14:49:50.124 +02:00 [INF] Request starting HTTP/1.1 POST http://localhost:5290/api/Users/login - application/json 63
2025-11-13 14:49:50.130 +02:00 [INF] Executing endpoint 'UserService.Controllers.UsersController.Login (UserService)'
2025-11-13 14:49:50.131 +02:00 [INF] Route matched with {action = "Login", controller = "Users"}. Executing controller action with signature System.Threading.Tasks.Task`1[Microsoft.AspNetCore.Mvc.ActionResult`1[UserService.Contracts.AuthDtos+LoginResponse]] Login(LoginRequest) on controller UserService.Controllers.UsersController (UserService).
2025-11-13 14:49:50.679 +02:00 [INF] Executing ObjectResult, writing value of type 'UserService.Contracts.AuthDtos+LoginResponse'.
2025-11-13 14:49:50.684 +02:00 [INF] Executed action UserService.Controllers.UsersController.Login (UserService) in 552.4051ms
2025-11-13 14:49:50.685 +02:00 [INF] Executed endpoint 'UserService.Controllers.UsersController.Login (UserService)'
2025-11-13 14:49:50.686 +02:00 [INF] Request finished HTTP/1.1 POST http://localhost:5290/api/Users/login - 200 null application/json; charset=utf-8 562.226ms
2025-11-13 16:04:34.443 +02:00 [INF] User profile is available. Using 'C:\Users\maksy\AppData\Local\ASP.NET\DataProtection-Keys' as key repository and Windows DPAPI to encrypt keys at rest.
2025-11-13 16:04:34.672 +02:00 [INF] Now listening on: http://localhost:5290
2025-11-13 16:04:34.839 +02:00 [INF] Application started. Press Ctrl+C to shut down.
2025-11-13 16:04:34.841 +02:00 [INF] Hosting environment: Development
2025-11-13 16:04:34.845 +02:00 [INF] Content root path: D:\Univer\Sem_08\LogopedApp\LogopedAppBack\UserService
