2025-11-18 20:47:34.549 +02:00 [INF] User profile is available. Using 'C:\Users\maksy\AppData\Local\ASP.NET\DataProtection-Keys' as key repository and Windows DPAPI to encrypt keys at rest.
2025-11-18 20:47:34.708 +02:00 [INF] Now listening on: http://localhost:5290
2025-11-18 20:47:34.757 +02:00 [INF] Application started. Press Ctrl+C to shut down.
2025-11-18 20:47:34.758 +02:00 [INF] Hosting environment: Development
2025-11-18 20:47:34.758 +02:00 [INF] Content root path: D:\Univer\Sem_08\LogopedApp\LogopedAppBack\UserService
2025-11-18 20:49:37.018 +02:00 [INF] Request starting HTTP/1.1 GET http://localhost:5290/api/users/me - null null
2025-11-18 20:49:37.142 +02:00 [INF] Authorization failed. These requirements were not met:
DenyAnonymousAuthorizationRequirement: Requires an authenticated user.
2025-11-18 20:49:37.147 +02:00 [INF] AuthenticationScheme: Bearer was challenged.
2025-11-18 20:49:37.160 +02:00 [INF] Request finished HTTP/1.1 GET http://localhost:5290/api/users/me - 401 null null 136.7332ms
2025-11-18 20:49:49.091 +02:00 [INF] Request starting HTTP/1.1 GET http://localhost:5290/health/users - null null
2025-11-18 20:49:49.100 +02:00 [INF] Request finished HTTP/1.1 GET http://localhost:5290/health/users - 404 null null 8.0558ms
2025-11-18 20:49:49.101 +02:00 [INF] Request reached the end of the middleware pipeline without being handled by application code. Request path: GET http://localhost:5290/health/users, Response status code: 404
2025-11-18 20:59:33.165 +02:00 [INF] User profile is available. Using 'C:\Users\maksy\AppData\Local\ASP.NET\DataProtection-Keys' as key repository and Windows DPAPI to encrypt keys at rest.
2025-11-18 20:59:33.355 +02:00 [INF] Now listening on: http://localhost:5290
2025-11-18 20:59:33.419 +02:00 [INF] Application started. Press Ctrl+C to shut down.
2025-11-18 20:59:33.420 +02:00 [INF] Hosting environment: Development
2025-11-18 20:59:33.424 +02:00 [INF] Content root path: D:\Univer\Sem_08\LogopedApp\LogopedAppBack\UserService
2025-11-18 21:00:02.310 +02:00 [INF] Request starting HTTP/1.1 GET http://localhost:5290/health/users - null null
2025-11-18 21:00:02.445 +02:00 [INF] Request finished HTTP/1.1 GET http://localhost:5290/health/users - 404 null null 137.0047ms
2025-11-18 21:00:02.462 +02:00 [INF] Request reached the end of the middleware pipeline without being handled by application code. Request path: GET http://localhost:5290/health/users, Response status code: 404
2025-11-18 21:00:23.761 +02:00 [INF] Request starting HTTP/1.1 GET http://localhost:5290/health - null null
2025-11-18 21:00:23.772 +02:00 [INF] Executing endpoint 'HTTP: GET /health'
2025-11-18 21:00:23.790 +02:00 [INF] Setting HTTP status code 200.
2025-11-18 21:00:23.794 +02:00 [INF] Writing value of type '<>f__AnonymousType4`2' as Json.
2025-11-18 21:00:23.800 +02:00 [INF] Executed endpoint 'HTTP: GET /health'
2025-11-18 21:00:23.801 +02:00 [INF] Request finished HTTP/1.1 GET http://localhost:5290/health - 200 null application/json; charset=utf-8 40.4424ms
2025-11-18 21:00:24.087 +02:00 [INF] Request starting HTTP/1.1 GET http://localhost:5290/favicon.ico - null null
2025-11-18 21:00:24.091 +02:00 [INF] Request finished HTTP/1.1 GET http://localhost:5290/favicon.ico - 404 0 null 3.8013ms
2025-11-18 21:00:24.092 +02:00 [INF] Request reached the end of the middleware pipeline without being handled by application code. Request path: GET http://localhost:5290/favicon.ico, Response status code: 404
2025-11-18 21:00:39.734 +02:00 [INF] Request starting HTTP/1.1 GET http://localhost:5290/health/users - null null
2025-11-18 21:00:39.738 +02:00 [INF] Request finished HTTP/1.1 GET http://localhost:5290/health/users - 404 null null 4.0312ms
2025-11-18 21:00:39.740 +02:00 [INF] Request reached the end of the middleware pipeline without being handled by application code. Request path: GET http://localhost:5290/health/users, Response status code: 404
2025-11-18 21:00:40.000 +02:00 [INF] Request starting HTTP/1.1 GET http://localhost:5290/health/users - null null
2025-11-18 21:00:40.005 +02:00 [INF] Request finished HTTP/1.1 GET http://localhost:5290/health/users - 404 null null 4.4539ms
2025-11-18 21:00:40.007 +02:00 [INF] Request reached the end of the middleware pipeline without being handled by application code. Request path: GET http://localhost:5290/health/users, Response status code: 404
2025-11-18 21:01:33.130 +02:00 [INF] Request starting HTTP/1.1 GET http://localhost:5290/health/users - null null
2025-11-18 21:01:33.133 +02:00 [INF] Request finished HTTP/1.1 GET http://localhost:5290/health/users - 404 null null 2.961ms
2025-11-18 21:01:33.133 +02:00 [INF] Request reached the end of the middleware pipeline without being handled by application code. Request path: GET http://localhost:5290/health/users, Response status code: 404
2025-11-18 21:01:38.711 +02:00 [INF] Request starting HTTP/1.1 GET http://localhost:5290/health/users/ - null null
2025-11-18 21:01:38.716 +02:00 [INF] Request finished HTTP/1.1 GET http://localhost:5290/health/users/ - 404 null null 5.5297ms
2025-11-18 21:01:38.717 +02:00 [INF] Request reached the end of the middleware pipeline without being handled by application code. Request path: GET http://localhost:5290/health/users/, Response status code: 404
