2025-11-26 19:21:24.082 +02:00 [INF] User profile is available. Using 'C:\Users\maksy\AppData\Local\ASP.NET\DataProtection-Keys' as key repository and Windows DPAPI to encrypt keys at rest.
2025-11-26 19:21:24.403 +02:00 [INF] Now listening on: http://localhost:5001
2025-11-26 19:21:24.588 +02:00 [INF] Application started. Press Ctrl+C to shut down.
2025-11-26 19:21:24.592 +02:00 [INF] Hosting environment: Development
2025-11-26 19:21:24.595 +02:00 [INF] Content root path: D:\Univer\Sem_08\LogopedApp\LogopedAppBack\UserService
2025-11-26 19:39:51.019 +02:00 [INF] User profile is available. Using 'C:\Users\maksy\AppData\Local\ASP.NET\DataProtection-Keys' as key repository and Windows DPAPI to encrypt keys at rest.
2025-11-26 19:39:51.276 +02:00 [INF] Now listening on: http://localhost:5001
2025-11-26 19:39:51.491 +02:00 [INF] Application started. Press Ctrl+C to shut down.
2025-11-26 19:39:51.491 +02:00 [INF] Hosting environment: Development
2025-11-26 19:39:51.494 +02:00 [INF] Content root path: D:\Univer\Sem_08\LogopedApp\LogopedAppBack\UserService
2025-11-26 19:40:08.795 +02:00 [INF] Request starting HTTP/1.1 POST http://localhost:5001/api/users/login - application/json 49
2025-11-26 19:40:10.945 +02:00 [INF] Executing endpoint 'UserService.Controllers.UsersController.Login (UserService)'
2025-11-26 19:40:10.968 +02:00 [INF] Route matched with {action = "Login", controller = "Users"}. Executing controller action with signature System.Threading.Tasks.Task`1[Microsoft.AspNetCore.Mvc.ActionResult`1[UserService.Contracts.AuthDtos+LoginResponse]] Login(LoginRequest) on controller UserService.Controllers.UsersController (UserService).
2025-11-26 19:40:12.370 +02:00 [INF] Executing ObjectResult, writing value of type 'UserService.Contracts.AuthDtos+LoginResponse'.
2025-11-26 19:40:12.380 +02:00 [INF] Executed action UserService.Controllers.UsersController.Login (UserService) in 1406.5225ms
2025-11-26 19:40:12.397 +02:00 [INF] Executed endpoint 'UserService.Controllers.UsersController.Login (UserService)'
2025-11-26 19:40:12.406 +02:00 [INF] Request finished HTTP/1.1 POST http://localhost:5001/api/users/login - 200 null application/json; charset=utf-8 3612.7646ms
2025-11-26 19:46:44.672 +02:00 [INF] Request starting HTTP/1.1 POST http://localhost:5001/api/users/login - application/json 49
2025-11-26 19:46:44.676 +02:00 [INF] Executing endpoint 'UserService.Controllers.UsersController.Login (UserService)'
2025-11-26 19:46:44.677 +02:00 [INF] Route matched with {action = "Login", controller = "Users"}. Executing controller action with signature System.Threading.Tasks.Task`1[Microsoft.AspNetCore.Mvc.ActionResult`1[UserService.Contracts.AuthDtos+LoginResponse]] Login(LoginRequest) on controller UserService.Controllers.UsersController (UserService).
2025-11-26 19:46:44.834 +02:00 [INF] Executing ObjectResult, writing value of type 'Microsoft.AspNetCore.Mvc.ProblemDetails'.
2025-11-26 19:46:44.861 +02:00 [INF] Executed action UserService.Controllers.UsersController.Login (UserService) in 182.732ms
2025-11-26 19:46:44.861 +02:00 [INF] Executed endpoint 'UserService.Controllers.UsersController.Login (UserService)'
2025-11-26 19:46:44.862 +02:00 [INF] Request finished HTTP/1.1 POST http://localhost:5001/api/users/login - 401 null application/problem+json; charset=utf-8 190.9177ms
2025-11-26 19:46:47.311 +02:00 [INF] Request starting HTTP/1.1 POST http://localhost:5001/api/users/login - application/json 49
2025-11-26 19:46:47.314 +02:00 [INF] Executing endpoint 'UserService.Controllers.UsersController.Login (UserService)'
2025-11-26 19:46:47.314 +02:00 [INF] Route matched with {action = "Login", controller = "Users"}. Executing controller action with signature System.Threading.Tasks.Task`1[Microsoft.AspNetCore.Mvc.ActionResult`1[UserService.Contracts.AuthDtos+LoginResponse]] Login(LoginRequest) on controller UserService.Controllers.UsersController (UserService).
2025-11-26 19:46:47.322 +02:00 [INF] Executing ObjectResult, writing value of type 'Microsoft.AspNetCore.Mvc.ProblemDetails'.
2025-11-26 19:46:47.325 +02:00 [INF] Executed action UserService.Controllers.UsersController.Login (UserService) in 9.9981ms
2025-11-26 19:46:47.326 +02:00 [INF] Executed endpoint 'UserService.Controllers.UsersController.Login (UserService)'
2025-11-26 19:46:47.326 +02:00 [INF] Request finished HTTP/1.1 POST http://localhost:5001/api/users/login - 401 null application/problem+json; charset=utf-8 15.5338ms
