2025-11-13 14:38:52.506 +02:00 [INF] User profile is available. Using 'C:\Users\maksy\AppData\Local\ASP.NET\DataProtection-Keys' as key repository and Windows DPAPI to encrypt keys at rest.
2025-11-13 14:38:52.679 +02:00 [INF] Now listening on: http://localhost:5290
2025-11-13 14:38:52.752 +02:00 [INF] Application started. Press Ctrl+C to shut down.
2025-11-13 14:38:52.752 +02:00 [INF] Hosting environment: Development
2025-11-13 14:38:52.753 +02:00 [INF] Content root path: D:\Univer\Sem_08\LogopedApp\LogopedAppBack\UserService
2025-11-13 14:39:25.072 +02:00 [INF] Request starting HTTP/1.1 POST http://localhost:5290/api/users/login
 - application/json 63
2025-11-13 14:39:25.149 +02:00 [INF] Request finished HTTP/1.1 POST http://localhost:5290/api/users/login
 - 404 0 null 78.5553ms
2025-11-13 14:39:25.174 +02:00 [INF] Request reached the end of the middleware pipeline without being handled by application code. Request path: POST http://localhost:5290/api/users/login%0A, Response status code: 404
2025-11-13 14:40:21.699 +02:00 [INF] Request starting HTTP/1.1 POST http://localhost:5290/api/users/login
 - application/json 63
2025-11-13 14:40:21.713 +02:00 [INF] Request finished HTTP/1.1 POST http://localhost:5290/api/users/login
 - 404 0 null 13.9792ms
2025-11-13 14:40:21.715 +02:00 [INF] Request reached the end of the middleware pipeline without being handled by application code. Request path: POST http://localhost:5290/api/users/login%0A, Response status code: 404
2025-11-13 14:45:08.728 +02:00 [INF] Request starting HTTP/1.1 POST http://localhost:5290/api/users/login
 - application/json 63
2025-11-13 14:45:08.735 +02:00 [INF] Request finished HTTP/1.1 POST http://localhost:5290/api/users/login
 - 404 0 null 6.5502ms
2025-11-13 14:45:08.736 +02:00 [INF] Request reached the end of the middleware pipeline without being handled by application code. Request path: POST http://localhost:5290/api/users/login%0A, Response status code: 404
2025-11-13 14:45:25.144 +02:00 [INF] Request starting HTTP/1.1 POST http://localhost:5290/api/users/login
 - application/json 63
2025-11-13 14:45:25.147 +02:00 [INF] Request finished HTTP/1.1 POST http://localhost:5290/api/users/login
 - 404 0 null 2.335ms
2025-11-13 14:45:25.148 +02:00 [INF] Request reached the end of the middleware pipeline without being handled by application code. Request path: POST http://localhost:5290/api/users/login%0A, Response status code: 404
2025-11-13 14:46:25.693 +02:00 [INF] User profile is available. Using 'C:\Users\maksy\AppData\Local\ASP.NET\DataProtection-Keys' as key repository and Windows DPAPI to encrypt keys at rest.
2025-11-13 14:46:25.836 +02:00 [INF] Now listening on: http://localhost:5290
2025-11-13 14:46:25.892 +02:00 [INF] Application started. Press Ctrl+C to shut down.
2025-11-13 14:46:25.892 +02:00 [INF] Hosting environment: Development
2025-11-13 14:46:25.897 +02:00 [INF] Content root path: D:\Univer\Sem_08\LogopedApp\LogopedAppBack\UserService
2025-11-13 14:46:44.077 +02:00 [INF] Request starting HTTP/1.1 POST http://localhost:5290/api/users/login - application/json 63
2025-11-13 14:46:44.136 +02:00 [INF] Executing endpoint 'UserService.Controllers.UsersController.Login (UserService)'
2025-11-13 14:46:44.157 +02:00 [INF] Route matched with {action = "Login", controller = "Users"}. Executing controller action with signature System.Threading.Tasks.Task`1[Microsoft.AspNetCore.Mvc.ActionResult`1[UserService.Contracts.AuthDtos+LoginResponse]] Login(LoginRequest) on controller UserService.Controllers.UsersController (UserService).
2025-11-13 14:46:44.665 +02:00 [INF] Executing ObjectResult, writing value of type 'Microsoft.AspNetCore.Mvc.ProblemDetails'.
2025-11-13 14:46:44.692 +02:00 [INF] Executed action UserService.Controllers.UsersController.Login (UserService) in 530.189ms
2025-11-13 14:46:44.714 +02:00 [INF] Executed endpoint 'UserService.Controllers.UsersController.Login (UserService)'
2025-11-13 14:46:44.722 +02:00 [INF] Request finished HTTP/1.1 POST http://localhost:5290/api/users/login - 401 null application/problem+json; charset=utf-8 645.7994ms
