2025-11-25 00:34:32.950 +02:00 [INF] User profile is available. Using 'C:\Users\maksy\AppData\Local\ASP.NET\DataProtection-Keys' as key repository and Windows DPAPI to encrypt keys at rest.
2025-11-25 00:34:33.172 +02:00 [INF] Now listening on: http://localhost:5001
2025-11-25 00:34:33.552 +02:00 [INF] Application started. Press Ctrl+C to shut down.
2025-11-25 00:34:33.553 +02:00 [INF] Hosting environment: Development
2025-11-25 00:34:33.554 +02:00 [INF] Content root path: D:\Univer\Sem_08\LogopedApp\LogopedAppBack\UserService
2025-11-25 00:34:35.329 +02:00 [INF] Request starting HTTP/1.1 POST http://localhost:5001/api/users/login - application/json 49
2025-11-25 00:34:36.894 +02:00 [INF] Request starting HTTP/1.1 POST http://localhost:5001/api/users/login - application/json 49
2025-11-25 00:34:37.728 +02:00 [INF] Executing endpoint 'UserService.Controllers.UsersController.Login (UserService)'
2025-11-25 00:34:37.728 +02:00 [INF] Executing endpoint 'UserService.Controllers.UsersController.Login (UserService)'
2025-11-25 00:34:37.768 +02:00 [INF] Route matched with {action = "Login", controller = "Users"}. Executing controller action with signature System.Threading.Tasks.Task`1[Microsoft.AspNetCore.Mvc.ActionResult`1[UserService.Contracts.AuthDtos+LoginResponse]] Login(LoginRequest) on controller UserService.Controllers.UsersController (UserService).
2025-11-25 00:34:37.768 +02:00 [INF] Route matched with {action = "Login", controller = "Users"}. Executing controller action with signature System.Threading.Tasks.Task`1[Microsoft.AspNetCore.Mvc.ActionResult`1[UserService.Contracts.AuthDtos+LoginResponse]] Login(LoginRequest) on controller UserService.Controllers.UsersController (UserService).
2025-11-25 00:34:39.323 +02:00 [INF] Executing ObjectResult, writing value of type 'UserService.Contracts.AuthDtos+LoginResponse'.
2025-11-25 00:34:39.323 +02:00 [INF] Executing ObjectResult, writing value of type 'UserService.Contracts.AuthDtos+LoginResponse'.
2025-11-25 00:34:39.335 +02:00 [INF] Executed action UserService.Controllers.UsersController.Login (UserService) in 1561.8511ms
2025-11-25 00:34:39.335 +02:00 [INF] Executed action UserService.Controllers.UsersController.Login (UserService) in 1561.8062ms
2025-11-25 00:34:39.353 +02:00 [INF] Executed endpoint 'UserService.Controllers.UsersController.Login (UserService)'
2025-11-25 00:34:39.353 +02:00 [INF] Executed endpoint 'UserService.Controllers.UsersController.Login (UserService)'
2025-11-25 00:34:39.359 +02:00 [INF] Request finished HTTP/1.1 POST http://localhost:5001/api/users/login - 200 null application/json; charset=utf-8 4032.7416ms
2025-11-25 00:34:39.359 +02:00 [INF] Request finished HTTP/1.1 POST http://localhost:5001/api/users/login - 200 null application/json; charset=utf-8 2464.3167ms
2025-11-25 00:40:31.609 +02:00 [INF] Request starting HTTP/1.1 POST http://localhost:5001/api/users/login - application/json 49
2025-11-25 00:40:31.615 +02:00 [INF] Executing endpoint 'UserService.Controllers.UsersController.Login (UserService)'
2025-11-25 00:40:31.617 +02:00 [INF] Route matched with {action = "Login", controller = "Users"}. Executing controller action with signature System.Threading.Tasks.Task`1[Microsoft.AspNetCore.Mvc.ActionResult`1[UserService.Contracts.AuthDtos+LoginResponse]] Login(LoginRequest) on controller UserService.Controllers.UsersController (UserService).
2025-11-25 00:40:32.272 +02:00 [INF] Executing ObjectResult, writing value of type 'UserService.Contracts.AuthDtos+LoginResponse'.
2025-11-25 00:40:32.273 +02:00 [INF] Executed action UserService.Controllers.UsersController.Login (UserService) in 655.0969ms
2025-11-25 00:40:32.274 +02:00 [INF] Executed endpoint 'UserService.Controllers.UsersController.Login (UserService)'
2025-11-25 00:40:32.275 +02:00 [INF] Request finished HTTP/1.1 POST http://localhost:5001/api/users/login - 200 null application/json; charset=utf-8 666.0942ms
2025-11-25 00:56:53.046 +02:00 [INF] User profile is available. Using 'C:\Users\maksy\AppData\Local\ASP.NET\DataProtection-Keys' as key repository and Windows DPAPI to encrypt keys at rest.
2025-11-25 00:56:53.366 +02:00 [INF] Now listening on: http://localhost:5001
2025-11-25 00:56:53.499 +02:00 [INF] Application started. Press Ctrl+C to shut down.
2025-11-25 00:56:53.501 +02:00 [INF] Hosting environment: Development
2025-11-25 00:56:53.501 +02:00 [INF] Content root path: D:\Univer\Sem_08\LogopedApp\LogopedAppBack\UserService
